{
 "base": "http://localhost:5199/",
 "boot_cube": {
  "dis": false,
  "thumbDis": false,
  "now": "2550",
  "max": "5000",
  "rootOp": "1",
  "trackBg": "rgb(47, 40, 35)",
  "rangeBg": "rgba(0, 0, 0, 0)",
  "rangeBgImg": "none",
  "rangeOp": "1",
  "rangeW": 185,
  "trackW": 363,
  "greyAncestor": false
 },
 "boot_square": {
  "dis": false,
  "thumbDis": false,
  "now": "0",
  "max": "2000",
  "rootOp": "1",
  "trackBg": "rgb(47, 40, 35)",
  "rangeBg": "rgba(0, 0, 0, 0)",
  "rangeBgImg": "none",
  "rangeOp": "1",
  "rangeW": 0,
  "trackW": 363,
  "greyAncestor": false
 },
 "boot_amiga": {
  "dis": false,
  "thumbDis": false,
  "now": "0",
  "max": "8000",
  "rootOp": "1",
  "trackBg": "rgb(47, 40, 35)",
  "rangeBg": "rgba(0, 0, 0, 0)",
  "rangeBgImg": "none",
  "rangeOp": "1",
  "rangeW": 0,
  "trackW": 363,
  "greyAncestor": false
 },
 "pauseFound": 1,
 "paused": {
  "dis": false,
  "thumbDis": false,
  "now": "4632.099999999999",
  "max": "5000",
  "rootOp": "1",
  "trackBg": "rgb(47, 40, 35)",
  "rangeBg": "rgba(0, 0, 0, 0)",
  "rangeBgImg": "none",
  "rangeOp": "1",
  "rangeW": 336,
  "trackW": 363,
  "greyAncestor": false
 },
 "cubeBefore": "rotateX(356.197deg) rotateY(0.989436turn) rotateZ(356.197deg)",
 "mid": {
  "dis": false,
  "thumbDis": false,
  "now": "2300",
  "max": "5000",
  "rootOp": "1",
  "trackBg": "rgb(47, 40, 35)",
  "rangeBg": "rgba(0, 0, 0, 0)",
  "rangeBgImg": "none",
  "rangeOp": "1",
  "rangeW": 176,
  "trackW": 363,
  "greyAncestor": false
 },
 "cubeMid": "rotateX(155.273deg) rotateY(0.431315turn) rotateZ(155.273deg)",
 "late": {
  "dis": false,
  "thumbDis": false,
  "now": "3800",
  "max": "5000",
  "rootOp": "1",
  "trackBg": "rgb(47, 40, 35)",
  "rangeBg": "rgba(0, 0, 0, 0)",
  "rangeBgImg": "none",
  "rangeOp": "1",
  "rangeW": 293,
  "trackW": 363,
  "greyAncestor": false
 },
 "cubeLate": "rotateX(317.237deg) rotateY(0.881214turn) rotateZ(317.237deg)",
 "afterUp": {
  "dis": false,
  "thumbDis": false,
  "now": "3800",
  "max": "5000",
  "rootOp": "1",
  "trackBg": "rgb(47, 40, 35)",
  "rangeBg": "rgba(0, 0, 0, 0)",
  "rangeBgImg": "none",
  "rangeOp": "1",
  "rangeW": 276,
  "trackW": 363,
  "greyAncestor": false
 },
 "cubeAfterUp": "rotateX(317.237deg) rotateY(0.881214turn) rotateZ(317.237deg)",
 "stillPaused": 2,
 "errs": []
}
