{
  "out": "docs/tranches/X/evidence/DS/value/pass-08/census-after.json",
  "gate": {
    "verdict": "RED",
    "allowance": {
      "maxLayersOnOneElement": 1,
      "insetHighlightLayers": 0,
      "textShadow": 0,
      "filterDropShadow": 0,
      "filterBlur": 0,
      "gradientFillsOnControls": 0,
      "loopingAnimations": 0
    },
    "over": {
      "maxLayersOnOneElement": {
        "value": 6,
        "allowance": 1
      },
      "insetHighlightLayers": {
        "value": 200,
        "allowance": 0
      },
      "filterDropShadow": {
        "value": 8,
        "allowance": 0
      },
      "gradientFillsOnControls": {
        "value": 8,
        "allowance": 0
      },
      "loopingAnimations": {
        "value": 8,
        "allowance": 0
      }
    }
  },
  "static": {
    "boxShadowDecls": 20,
    "boxShadowLayers": 24,
    "insetLayers": 7,
    "insetHighlightLayers": 0,
    "multiLayerShadowDecls": 4,
    "textShadow": 0,
    "filterDropShadow": 0,
    "filterBlur": 0,
    "backdropBlur": 3,
    "gradientFills": 5,
    "loopingKeyframes": 1,
    "lightingTokenDefs": 4,
    "twShadowUtilities": 1,
    "twLoopUtilities": 10,
    "twGradientUtilities": 0
  },
  "computed": {
    "elements": 4486,
    "boxShadowElements": 172,
    "boxShadowLayers": 514,
    "multiLayerElements": 94,
    "ringLayers": 4,
    "insetLayers": 344,
    "insetHighlightLayers": 200,
    "textShadow": 0,
    "filterDropShadow": 8,
    "filterBlur": 0,
    "backdropBlur": 68,
    "gradientFillsOnControls": 8,
    "contentGradientsExempt": 0,
    "loopingAnimations": 8,
    "maxLayersOnOneElement": 6
  }
}
