node:internal/process/promises:332
    triggerUncaughtException(err, true /* fromPromise */);
    ^

route.fetch: Timeout 30000ms exceeded.
Call log:
[2m  - → GET http://localhost:9000/@fs/Users/mkbabb/Programming/value.js/demo/workbenches/mix/MixPane.vue?t=1790183994542[22m
[2m    - user-agent: Mozilla/5.0 (Macintosh; Intel Mac OS X 10_15_7) AppleWebKit/537.36 (KHTML, like Gecko) Chrome/148.0.0.0 Safari/537.36[22m
[2m    - accept: */*[22m
[2m    - accept-encoding: gzip,deflate,br[22m
[2m    - origin: http://localhost:9000[22m
[2m    - referer: http://localhost:9000/@fs/Users/mkbabb/Programming/value.js/demo/shell/usePaneRouter.ts?t=1790183994561[22m
[2m    - sec-ch-ua: "Not/A)Brand";v="99", "Chromium";v="148"[22m
[2m    - sec-ch-ua-mobile: ?0[22m
[2m    - sec-ch-ua-platform: "macOS"[22m

    at /Users/mkbabb/Programming/value.js/docs/tranches/X/audit/ui-evidence/value/pane-plates/capture.mjs:151:32 {
  name: 'TimeoutError'
}

Node.js v26.0.0
done 988a2617 19
done d5b8ed76 5
done d5b8ed76 5
