{
 "A-escape-pointer-still": {
  "k": {
   "head": "d54a6ab8",
   "dirty": "2",
   "at": "2026-09-23T22:12:20.075Z"
  },
  "frames": 252,
  "transitions": [
   {
    "t": 14,
    "dt": 14,
    "c": "E",
    "w": 243.3,
    "h": 56,
    "itemsMaxBottom": 90.5
   },
   {
    "t": 4413.3,
    "dt": 15.6,
    "c": "C",
    "w": 243,
    "h": 56,
    "itemsMaxBottom": 90.5
   }
  ],
  "spillFrames": 0,
  "spillMaxBottom": 0,
  "drops": [
   [
    2575.7,
    296
   ],
   [
    2597.2,
    21.5
   ]
  ],
  "n": 253
 },
 "B-control-pointer-still": {
  "k": {
   "head": "d54a6ab8",
   "dirty": "2",
   "at": "2026-09-23T22:12:30.015Z"
  },
  "frames": 269,
  "transitions": [
   {
    "t": 13.5,
    "dt": 13.5,
    "c": "E",
    "w": 243.3,
    "h": 56,
    "itemsMaxBottom": 90.5
   }
  ],
  "spillFrames": 0,
  "spillMaxBottom": 0,
  "drops": [],
  "n": 270
 },
 "C-pointer-leave-collapse": {
  "k": {
   "head": "d54a6ab8",
   "dirty": "2",
   "at": "2026-09-23T22:12:39.444Z"
  },
  "frames": 269,
  "transitions": [
   {
    "t": 5,
    "dt": 5,
    "c": "E",
    "w": 243.3,
    "h": 56,
    "itemsMaxBottom": 90.5
   },
   {
    "t": 3623.6,
    "dt": 18.5,
    "c": "C",
    "w": 243,
    "h": 56,
    "itemsMaxBottom": 90.5
   }
  ],
  "spillFrames": 0,
  "spillMaxBottom": 0,
  "drops": [],
  "n": 270
 }
}
