{"name":"palettes-1440-light.png","ok":true,"attempt":1}
{"name":"picker-1440-light.png","ok":true,"attempt":1}
{"name":"extract-1440-light.png","ok":true,"attempt":1}
{"name":"browse-1440-light.png","ok":true,"attempt":1}
{"name":"gradient-1440-light.png","ok":true,"attempt":1}
{"name":"generate-1440-light.png","ok":true,"attempt":1}
{"name":"mix-1440-light.png","ok":true,"attempt":1}
{"name":"atmosphere-1440-light.png","ok":true,"attempt":1}
{"name":"palettes-390-light.png","ok":true,"attempt":1}
{"name":"picker-390-light.png","ok":true,"attempt":1}
{"name":"browse-390-light.png","ok":true,"attempt":1}
{"name":"blob-1440-light.png","ok":true,"attempt":1}
{"name":"extract-390-light.png","ok":true,"attempt":1}
{"name":"mix-390-light.png","ok":true,"attempt":1}
{"name":"gradient-390-light.png","ok":true,"attempt":1}
{"name":"generate-390-light.png","ok":true,"attempt":1}
{"name":"picker-1440-dark.png","ok":true,"attempt":1}
{"name":"atmosphere-390-light.png","ok":true,"attempt":1}
{"name":"blob-390-light.png","ok":true,"attempt":1}
{"name":"palettes-1440-dark.png","ok":true,"attempt":1}
{"name":"browse-1440-dark.png","ok":true,"attempt":1}
{"name":"extract-1440-dark.png","ok":true,"attempt":1}
{"name":"generate-1440-dark.png","ok":true,"attempt":1}
{"name":"mix-1440-dark.png","ok":true,"attempt":1}
{"name":"gradient-1440-dark.png","ok":true,"attempt":1}
{"name":"atmosphere-1440-dark.png","ok":true,"attempt":1}
{"name":"picker-390-dark.png","ok":true,"attempt":1}
{"name":"blob-1440-dark.png","ok":true,"attempt":1}
{"name":"browse-390-dark.png","ok":true,"attempt":1}
{"name":"palettes-390-dark.png","ok":true,"attempt":1}
{"name":"extract-390-dark.png","ok":true,"attempt":1}
{"name":"mix-390-dark.png","ok":true,"attempt":1}
{"name":"generate-390-dark.png","ok":true,"attempt":1}
{"name":"gradient-390-dark.png","ok":true,"attempt":1}
{"name":"atmosphere-390-dark.png","ok":true,"attempt":1}
{"name":"blob-390-dark.png","ok":true,"attempt":1}
FAILED 0 OF 36
{"name":"mix-1440-light.png","ok":true,"attempt":1}
{"name":"palettes-1440-light.png","ok":true,"attempt":1}
{"name":"generate-1440-light.png","ok":true,"attempt":1}
{"name":"palettes-390-light.png","ok":true,"attempt":1}
{"name":"generate-390-light.png","ok":true,"attempt":1}
{"name":"picker-1440-light.png","ok":true,"attempt":1}
{"name":"picker-390-light.png","ok":true,"attempt":1}
{"name":"browse-390-light.png","ok":true,"attempt":1}
{"name":"mix-390-light.png","ok":true,"attempt":1}
{"name":"palettes-1440-dark.png","ok":true,"attempt":1}
{"name":"generate-1440-dark.png","ok":true,"attempt":1}
{"name":"browse-1440-dark.png","ok":true,"attempt":1}
{"name":"picker-1440-dark.png","ok":true,"attempt":1}
{"name":"mix-1440-dark.png","ok":true,"attempt":1}
{"name":"palettes-390-dark.png","ok":true,"attempt":1}
{"name":"generate-390-dark.png","ok":true,"attempt":1}
{"name":"browse-390-dark.png","ok":true,"attempt":1}
{"name":"mix-390-dark.png","ok":true,"attempt":1}
{"name":"picker-390-dark.png","ok":true,"attempt":1}
{"name":"browse-1440-light.png","ok":true,"attempt":2}
FAILED 0 OF 20
