{
  "out": "docs/tranches/X/evidence/DS/value/pass-07/census-after.json",
  "gate": {
    "verdict": "RED",
    "allowance": {
      "maxLayersOnOneElement": 1,
      "insetHighlightLayers": 0,
      "textShadow": 0,
      "filterDropShadow": 0,
      "filterBlur": 0,
      "gradientFillsOnControls": 0,
      "loopingAnimations": 0
    },
    "over": {
      "maxLayersOnOneElement": {
        "value": 6,
        "allowance": 1
      },
      "insetHighlightLayers": {
        "value": 326,
        "allowance": 0
      },
      "filterDropShadow": {
        "value": 8,
        "allowance": 0
      },
      "gradientFillsOnControls": {
        "value": 18,
        "allowance": 0
      },
      "loopingAnimations": {
        "value": 14,
        "allowance": 0
      }
    }
  },
  "static": {
    "boxShadowDecls": 20,
    "boxShadowLayers": 24,
    "insetLayers": 7,
    "insetHighlightLayers": 0,
    "multiLayerShadowDecls": 4,
    "textShadow": 0,
    "filterDropShadow": 0,
    "filterBlur": 0,
    "backdropBlur": 3,
    "gradientFills": 5,
    "loopingKeyframes": 1,
    "lightingTokenDefs": 4,
    "twShadowUtilities": 1,
    "twLoopUtilities": 13,
    "twGradientUtilities": 0
  },
  "computed": {
    "elements": 5110,
    "boxShadowElements": 308,
    "boxShadowLayers": 820,
    "multiLayerElements": 158,
    "ringLayers": 10,
    "insetLayers": 602,
    "insetHighlightLayers": 326,
    "textShadow": 0,
    "filterDropShadow": 8,
    "filterBlur": 0,
    "backdropBlur": 138,
    "gradientFillsOnControls": 18,
    "contentGradientsExempt": 8,
    "loopingAnimations": 14,
    "maxLayersOnOneElement": 6
  }
}
