{
 "light": {
  "spring1440": {
   "carriages": [
    {
     "cls": "curve-ball sampler-ball",
     "c": [
      685,
      691
     ]
    },
    {
     "cls": "curve-ball spring-ball",
     "c": [
      685,
      691
     ]
    }
   ],
   "railValueNow": "0",
   "text": [
    "SETTLED",
    "position"
   ]
  },
  "focus1440": {
   "tag": "BODY",
   "label": "Spring@mbabbScene re",
   "focusVisible": false,
   "inSheet": false
  },
  "spring1440AfterChase": {
   "carriages": [
    {
     "cls": "curve-ball sampler-ball",
     "c": [
      685,
      691
     ]
    },
    {
     "cls": "curve-ball spring-ball",
     "c": [
      1230,
      518
     ]
    }
   ],
   "railValueNow": "1",
   "text": [
    "SETTLED",
    "position"
   ]
  },
  "sequence1440": {
   "wrapperOverflow": "visible",
   "plateOverflow": "hidden auto",
   "plateShadow": "rgba(255, 255, 255, 0.1) 0px 1px 0px 0px inset, color(srgb 0.11 0.098 0.09 / 0.0"
  },
  "toasts1440": {
   "snapshots": 3,
   "capturedToastsShown": 1
  },
  "sequence390x844": {
   "wrapperOverflow": "visible",
   "plateOverflow": "hidden auto",
   "plateShadow": "rgba(255, 255, 255, 0.1) 0px 1px 0px 0px inset, color(srgb 0.11 0.098 0.09 / 0.0",
   "focus": {
    "tag": "BODY",
    "label": "Sequence@mbabbScene ",
    "focusVisible": false,
    "inSheet": false
   }
  },
  "cube390focus": {
   "tag": "BODY",
   "label": "Cube@mbabb123456Rota",
   "focusVisible": false,
   "inSheet": false
  },
  "spring390": {
   "carriages": [
    {
     "cls": "curve-ball sampler-ball",
     "c": [
      92,
      656
     ]
    },
    {
     "cls": "curve-ball spring-ball",
     "c": [
      92,
      656
     ]
    }
   ],
   "railValueNow": "0",
   "text": [
    "SETTLED",
    "position"
   ],
   "focus": {
    "tag": "BODY",
    "label": "Spring@mbabbScene re",
    "focusVisible": false,
    "inSheet": false
   }
  },
  "sequence375x667": {
   "wrapperOverflow": "visible",
   "plateOverflow": "hidden auto",
   "plateShadow": "rgba(255, 255, 255, 0.1) 0px 1px 0px 0px inset, color(srgb 0.11 0.098 0.09 / 0.0",
   "focus": {
    "tag": "BODY",
    "label": "Sequence@mbabbScene ",
    "focusVisible": false,
    "inSheet": false
   }
  }
 },
 "dark": {
  "spring1440": {
   "carriages": [
    {
     "cls": "curve-ball sampler-ball",
     "c": [
      685,
      691
     ]
    },
    {
     "cls": "curve-ball spring-ball",
     "c": [
      685,
      691
     ]
    }
   ],
   "railValueNow": "0",
   "text": [
    "SETTLED",
    "position"
   ]
  },
  "focus1440": {
   "tag": "BODY",
   "label": "Spring@mbabbScene re",
   "focusVisible": false,
   "inSheet": false
  },
  "spring1440AfterChase": {
   "carriages": [
    {
     "cls": "curve-ball sampler-ball",
     "c": [
      685,
      691
     ]
    },
    {
     "cls": "curve-ball spring-ball",
     "c": [
      1230,
      518
     ]
    }
   ],
   "railValueNow": "1",
   "text": [
    "SETTLED",
    "position"
   ]
  },
  "sequence1440": {
   "wrapperOverflow": "visible",
   "plateOverflow": "hidden auto",
   "plateShadow": "rgba(255, 255, 255, 0.08) 0px 1px 0px 0px inset, color(srgb 0.914 0.9 0.886 / 0."
  },
  "toasts1440": {
   "snapshots": 3,
   "capturedToastsShown": 1
  },
  "sequence390x844": {
   "wrapperOverflow": "visible",
   "plateOverflow": "hidden auto",
   "plateShadow": "rgba(255, 255, 255, 0.08) 0px 1px 0px 0px inset, color(srgb 0.914 0.9 0.886 / 0.",
   "focus": {
    "tag": "BODY",
    "label": "Sequence@mbabbScene ",
    "focusVisible": false,
    "inSheet": false
   }
  },
  "cube390focus": {
   "tag": "BODY",
   "label": "Cube@mbabb123456Rota",
   "focusVisible": false,
   "inSheet": false
  },
  "spring390": {
   "carriages": [
    {
     "cls": "curve-ball sampler-ball",
     "c": [
      92,
      656
     ]
    },
    {
     "cls": "curve-ball spring-ball",
     "c": [
      92,
      656
     ]
    }
   ],
   "railValueNow": "0",
   "text": [
    "SETTLED",
    "position"
   ],
   "focus": {
    "tag": "BODY",
    "label": "Spring@mbabbScene re",
    "focusVisible": false,
    "inSheet": false
   }
  },
  "sequence375x667": {
   "wrapperOverflow": "visible",
   "plateOverflow": "hidden auto",
   "plateShadow": "rgba(255, 255, 255, 0.08) 0px 1px 0px 0px inset, color(srgb 0.914 0.9 0.886 / 0.",
   "focus": {
    "tag": "BODY",
    "label": "Sequence@mbabbScene ",
    "focusVisible": false,
    "inSheet": false
   }
  }
 }
}
